C51 COMPILER V9.01   MAIN                                                                  01/16/2019 14:21:09 PAGE 1   


C51 COMPILER V9.01, COMPILATION OF MODULE MAIN
OBJECT MODULE PLACED IN .\Objects\main.obj
COMPILER INVOKED BY: E:\MDK\C51\BIN\C51.EXE main.c OPTIMIZE(8,SPEED) BROWSE DEBUG OBJECTEXTEND PRINT(.\Listings\main.lst
                    -) TABS(2) OBJECT(.\Objects\main.obj)

line level    source

   1          #include "reg52.h"
   2          #include "my1602.h"
   3          #include "delay.h"
   4          #include "key.h"
   5          #include "stdio.h"
   6          #include "usart.h"
   7          #include "iic.h"
   8          unsigned char code table[]="1234567890";
   9          void main()
  10          {
  11   1        unsigned char a;
  12   1        lcd_init();
  13   1        iic_init();
  14   1        delay_iic1(100);
  15   1        write_add(0xa0,23,1);
  16   1        delay_iic1(100);
  17   1        a=read_add(0xa0,23);
  18   1        P1=a;
  19   1        write_in_position(1,3,a+48);
  20   1        while(1);
  21   1      //  int num=0;
  22   1      //  lcd_init();
  23   1      //  iic_init();
  24   1      //  write_add(0xa0,23,1);
  25   1      //  write_in_position(1,3,read_add(0xa0,23)+48);
  26   1      //  while(1){
  27   1      //    num=keyscan();
  28   1      //    if(num!='!'){
  29   1      //      write_in_position(1,3,num);
  30   1      //    }     
  31   1      //  }
  32   1      }


MODULE INFORMATION:   STATIC OVERLAYABLE
   CODE SIZE        =    677    ----
   CONSTANT SIZE    =     15    ----
   XDATA SIZE       =   ----    ----
   PDATA SIZE       =   ----    ----
   DATA SIZE        =     22       1
   IDATA SIZE       =   ----    ----
   BIT SIZE         =   ----    ----
END OF MODULE INFORMATION.


C51 COMPILATION COMPLETE.  0 WARNING(S),  0 ERROR(S)
